// Jest Snapshot v1, https://goo.gl/fbAQLP

exports[`heroCards empty hero 1`] = `
<div
  className="hero-cards-wrapper"
>
  <i
    aria-label="icon: loading"
    className="anticon anticon-loading"
    style={
      Object {
        "fontSize": 24,
      }
    }
  >
    <svg
      aria-hidden="true"
      className="anticon-spin"
      data-icon="loading"
      fill="currentColor"
      focusable="false"
      height="1em"
      viewBox="0 0 1024 1024"
      width="1em"
    >
      <path
        d="M988 548c-19.9 0-36-16.1-36-36 0-59.4-11.6-117-34.6-171.3a440.45 440.45 0 0 0-94.3-139.9 437.71 437.71 0 0 0-139.9-94.3C629 83.6 571.4 72 512 72c-19.9 0-36-16.1-36-36s16.1-36 36-36c69.1 0 136.2 13.5 199.3 40.3C772.3 66 827 103 874 150c47 47 83.9 101.8 109.7 162.7 26.7 63.1 40.2 130.2 40.2 199.3.1 19.9-16 36-35.9 36z"
      />
    </svg>
  </i>
  <div
    className="hero-cards"
  />
</div>
`;

exports[`heroCards include heros 1`] = `
<div
  className="hero-cards-wrapper"
>
  <div
    className="hero-cards"
  >
    <div
      className="card-wrapper"
    >
      <a
        href="/heroes/1"
        onClick={[Function]}
      >
        <div
          className="ant-card custom-card  ant-card-bordered"
        >
          <div
            className="ant-card-body"
            style={Object {}}
          >
            <img
              alt="Daredevil"
              className="hero-img"
              src="http://i.annihil.us/u/prod/marvel/i/mg/6/90/537ba6d49472b/standard_xlarge.jpg"
            />
            <p>
              Daredevil
            </p>
          </div>
        </div>
      </a>
    </div>
    <div
      className="card-wrapper"
    >
      <a
        href="/heroes/2"
        onClick={[Function]}
      >
        <div
          className="ant-card custom-card  ant-card-bordered"
        >
          <div
            className="ant-card-body"
            style={Object {}}
          >
            <img
              alt="Test"
              className="hero-img"
              src="http://i.annihil.us/u/prod/marvel/i/mg/6/90/537ba6d49472b/standard_xlarge.jpg"
            />
            <p>
              Test
            </p>
          </div>
        </div>
      </a>
    </div>
  </div>
</div>
`;
